/home/andrew/venv-firedrake-2026/lib/python3.10/site-packages/firedrake/petsc.py:96: UserWarning: No external package for parmetis, ptscotch, chaco found, defaulting to PETSc simple partitioner. This may not be optimal.
  warn(
tsfc:WARNING Estimated quadrature degree 14 more than tenfold greater than any argument/coefficient degree (max 1)
/home/andrew/venv-firedrake-2026/lib/python3.10/site-packages/pyadjoint/drivers.py:73: FutureWarning: compute_gradient is deprecated in favour of compute_derivative.
  warn("compute_gradient is deprecated in favour of compute_derivative.",
/home/andrew/venv-firedrake-2026/lib/python3.10/site-packages/pyadjoint/drivers.py:73: FutureWarning: compute_gradient is deprecated in favour of compute_derivative.
  warn("compute_gradient is deprecated in favour of compute_derivative.",
VELOCITY-OSSE case=vco (core-column truth ezz=-4.0e-05/yr, v sigma=0.012)

Optimize Syn[vosse_vco] (L-BFGS-B, 23 ctrls, max 40):
  [001] J=2603.9244 (rho=0.95 age=1.10 dage=1.21 Td=11.11 Tsh=4.56 v=0.98) |g|=4.2e+03 (176s)
  [002] J=71618.1331 (rho=8.48 age=12.83 dage=14.92 Td=53.37 Tsh=33.35 v=2.43) |g|=2.2e+04 (172s)
  [003] J=1584.6044 (rho=3.74 age=4.45 dage=4.88 Td=2.42 Tsh=1.17 v=1.23) |g|=5.6e+03 (172s)
  [004] J=446.1396 (rho=2.33 age=1.94 dage=2.51 Td=1.04 Tsh=1.23 v=1.91) |g|=1.1e+03 (177s)
  [005] J=273.3818 (rho=1.79 age=1.38 dage=1.82 Td=1.34 Tsh=1.29 v=1.65) |g|=1.2e+03 (174s)
  [006] J=6850.0752 (rho=8.11 age=9.37 dage=9.76 Td=5.53 Tsh=3.02 v=2.36) |g|=7.8e+03 (175s)
  [007] J=249.3869 (rho=1.66 age=1.29 dage=1.68 Td=1.48 Tsh=1.32 v=1.58) |g|=1.2e+03 (170s)
  [008] J=419.2839 (rho=1.92 age=1.74 dage=2.25 Td=2.29 Tsh=1.44 v=0.99) |g|=4.6e+03 (166s)
  [009] J=195.5626 (rho=1.30 age=1.12 dage=1.34 Td=1.71 Tsh=1.35 v=1.35) |g|=7.1e+02 (171s)
  [010] J=168.6097 (rho=1.23 age=1.12 dage=1.31 Td=1.39 Tsh=1.30 v=1.25) |g|=6.4e+02 (176s)
  [011] J=145.6423 (rho=1.23 age=1.11 dage=1.30 Td=0.90 Tsh=1.24 v=1.27) |g|=3.0e+02 (169s)
  [012] J=139.1167 (rho=1.16 age=1.11 dage=1.28 Td=0.90 Tsh=1.24 v=1.23) |g|=2.4e+02 (170s)
  [013] J=127.1931 (rho=0.90 age=1.16 dage=1.27 Td=0.90 Tsh=1.25 v=1.09) |g|=1.3e+02 (167s)
  [014] J=123.5657 (rho=0.93 age=1.13 dage=1.22 Td=0.90 Tsh=1.26 v=1.11) |g|=9.9e+01 (172s)
  [015] J=118.5271 (rho=0.93 age=1.11 dage=1.16 Td=0.92 Tsh=1.33 v=1.12) |g|=1.0e+02 (165s)
  [016] J=113.6892 (rho=0.89 age=1.09 dage=1.12 Td=0.94 Tsh=1.47 v=1.10) |g|=7.1e+01 (167s)
  [017] J=111.4269 (rho=0.86 age=1.09 dage=1.12 Td=0.94 Tsh=1.50 v=1.07) |g|=3.0e+01 (164s)
  [018] J=110.0974 (rho=0.85 age=1.09 dage=1.12 Td=0.94 Tsh=1.48 v=1.04) |g|=4.6e+01 (163s)
  [019] J=108.6184 (rho=0.84 age=1.08 dage=1.12 Td=0.93 Tsh=1.40 v=1.02) |g|=7.1e+01 (161s)
  [020] J=106.3465 (rho=0.84 age=1.08 dage=1.11 Td=0.91 Tsh=1.28 v=1.01) |g|=7.7e+01 (159s)
  [021] J=137.9516 (rho=1.18 age=1.16 dage=1.28 Td=0.92 Tsh=1.21 v=0.95) |g|=1.6e+03 (157s)
  [022] J=106.2371 (rho=0.85 age=1.08 dage=1.10 Td=0.91 Tsh=1.27 v=1.01) |g|=9.1e+01 (162s)
  [023] J=105.0493 (rho=0.85 age=1.07 dage=1.09 Td=0.90 Tsh=1.22 v=1.01) |g|=3.9e+01 (156s)
  [024] J=104.7257 (rho=0.85 age=1.07 dage=1.09 Td=0.90 Tsh=1.21 v=1.02) |g|=1.6e+01 (160s)
  [025] J=104.5674 (rho=0.85 age=1.07 dage=1.08 Td=0.90 Tsh=1.21 v=1.03) |g|=2.3e+01 (161s)
  [026] J=104.2753 (rho=0.85 age=1.07 dage=1.08 Td=0.90 Tsh=1.21 v=1.03) |g|=3.4e+01 (159s)
  [027] J=103.6128 (rho=0.84 age=1.07 dage=1.07 Td=0.90 Tsh=1.20 v=1.03) |g|=4.9e+01 (156s)
  [028] J=103.2647 (rho=0.84 age=1.07 dage=1.07 Td=0.90 Tsh=1.20 v=1.03) |g|=8.1e+01 (153s)
  [029] J=102.5503 (rho=0.84 age=1.07 dage=1.07 Td=0.90 Tsh=1.19 v=1.00) |g|=2.2e+01 (153s)
  [030] J=102.4152 (rho=0.84 age=1.07 dage=1.07 Td=0.90 Tsh=1.20 v=1.00) |g|=8.4e+00 (154s)
  [031] J=102.3604 (rho=0.84 age=1.07 dage=1.07 Td=0.90 Tsh=1.20 v=0.99) |g|=1.0e+01 (159s)
  [032] J=102.3228 (rho=0.84 age=1.07 dage=1.07 Td=0.90 Tsh=1.20 v=0.99) |g|=9.6e+00 (159s)
  [033] J=102.3899 (rho=0.85 age=1.07 dage=1.07 Td=0.90 Tsh=1.20 v=0.98) |g|=1.2e+02 (166s)
  [034] J=102.2760 (rho=0.84 age=1.07 dage=1.07 Td=0.90 Tsh=1.20 v=0.99) |g|=4.4e+01 (163s)
  [035] J=102.1597 (rho=0.85 age=1.07 dage=1.07 Td=0.90 Tsh=1.20 v=0.98) |g|=1.9e+01 (159s)
  [036] J=102.0593 (rho=0.85 age=1.07 dage=1.07 Td=0.90 Tsh=1.19 v=0.98) |g|=1.1e+01 (165s)
  [037] J=101.9639 (rho=0.85 age=1.07 dage=1.07 Td=0.90 Tsh=1.18 v=0.98) |g|=1.8e+01 (160s)
  [038] J=101.8696 (rho=0.85 age=1.07 dage=1.07 Td=0.90 Tsh=1.18 v=0.98) |g|=1.9e+01 (161s)
  [039] J=101.8504 (rho=0.85 age=1.07 dage=1.06 Td=0.90 Tsh=1.18 v=0.97) |g|=3.1e+01 (160s)
  [040] J=101.7255 (rho=0.85 age=1.07 dage=1.06 Td=0.90 Tsh=1.18 v=0.98) |g|=8.3e+00 (162s)
  [041] J=101.6992 (rho=0.85 age=1.07 dage=1.06 Td=0.90 Tsh=1.18 v=0.98) |g|=8.0e+00 (159s)
  [042] J=101.6618 (rho=0.84 age=1.07 dage=1.06 Td=0.90 Tsh=1.19 v=0.98) |g|=1.3e+01 (166s)
  [043] J=101.6092 (rho=0.85 age=1.07 dage=1.06 Td=0.90 Tsh=1.19 v=0.97) |g|=1.4e+01 (160s)
  [044] J=101.5551 (rho=0.85 age=1.07 dage=1.06 Td=0.90 Tsh=1.18 v=0.98) |g|=9.2e+00 (160s)
  [045] J=101.4601 (rho=0.84 age=1.07 dage=1.06 Td=0.90 Tsh=1.18 v=0.98) |g|=2.5e+01 (159s)
  [046] J=101.8071 (rho=0.84 age=1.07 dage=1.06 Td=0.91 Tsh=1.18 v=0.98) |g|=1.4e+02 (163s)
  [047] J=101.4377 (rho=0.84 age=1.07 dage=1.06 Td=0.90 Tsh=1.18 v=0.98) |g|=1.3e+01 (164s)

STOP: TOTAL NO. OF ITERATIONS REACHED LIMIT  J=101.4377  -> /home/andrew/projects/firngrain/experiments/synthetic/results/vosse_vco.json
  hl_k0         = 9.3660e+00
  hl_k1         = 4.7398e+02
  hl_Ea1        = 1.0384e+04
  hl_Ea2        = 2.1918e+04
  k_snow_scale  = 9.5079e-01
  k_firn_scale  = 1.0040e+00
  Q_base        = 4.4086e-02
  s2_shape      = 9.8876e-01
  ezz_yr        = -1.1059e-05

case vco: J=101.44
  hl_k0        truth=11.5 rec=9.366 err=-2.13
  hl_k1        truth=540 rec=474 err=-66
  hl_Ea1       truth=1.06e+04 rec=1.038e+04 err=-216
  hl_Ea2       truth=2.24e+04 rec=2.192e+04 err=-482
  k_snow_scale truth=1.15 rec=0.9508 err=-0.199
  k_firn_scale truth=1 rec=1.004 err=+0.00402
  Q_base       truth=0.045 rec=0.04409 err=-0.000914
  s2_shape     truth=0.85 rec=0.9888 err=+0.139
  ezz_yr       truth=-4e-05 rec=-1.106e-05 err=+2.89e-05
