/home/andrew/venv-firedrake-2026/lib/python3.10/site-packages/firedrake/petsc.py:96: UserWarning: No external package for parmetis, ptscotch, chaco found, defaulting to PETSc simple partitioner. This may not be optimal.
  warn(
tsfc:WARNING Estimated quadrature degree 14 more than tenfold greater than any argument/coefficient degree (max 1)
/home/andrew/venv-firedrake-2026/lib/python3.10/site-packages/pyadjoint/drivers.py:73: FutureWarning: compute_gradient is deprecated in favour of compute_derivative.
  warn("compute_gradient is deprecated in favour of compute_derivative.",
/home/andrew/venv-firedrake-2026/lib/python3.10/site-packages/pyadjoint/drivers.py:73: FutureWarning: compute_gradient is deprecated in favour of compute_derivative.
  warn("compute_gradient is deprecated in favour of compute_derivative.",
VELOCITY-OSSE case=vrho (core-column truth ezz=-4.0e-05/yr, v sigma=0.012)

Optimize Syn[vosse_vrho] (L-BFGS-B, 23 ctrls, max 40):
  [001] J=26.1564 (rho=0.95 v=0.98) |g|=3.1e+02 (146s)
  [002] J=1694.2834 (rho=8.48 v=2.69) |g|=1.5e+01 (133s)
  [003] J=336.1344 (rho=3.82 v=1.17) |g|=1.3e+03 (135s)
  [004] J=23.5509 (rho=0.87 v=1.03) |g|=1.7e+02 (144s)
  [005] J=22.2375 (rho=0.85 v=1.01) |g|=2.3e+01 (144s)
  [006] J=22.2145 (rho=0.85 v=1.01) |g|=8.6e+00 (151s)
  [007] J=22.2048 (rho=0.85 v=1.00) |g|=7.1e+00 (145s)
  [008] J=22.1872 (rho=0.85 v=1.00) |g|=5.4e+00 (142s)
  [009] J=22.1832 (rho=0.85 v=1.00) |g|=2.5e+00 (144s)
  [010] J=22.1772 (rho=0.85 v=1.00) |g|=4.7e+00 (141s)
  [011] J=22.1683 (rho=0.85 v=1.00) |g|=9.9e+00 (141s)
  [012] J=22.1407 (rho=0.85 v=0.99) |g|=2.0e+01 (145s)
  [013] J=22.0774 (rho=0.85 v=0.99) |g|=3.5e+01 (140s)
  [014] J=21.9321 (rho=0.85 v=0.98) |g|=5.4e+01 (144s)
  [015] J=21.6801 (rho=0.84 v=0.97) |g|=6.7e+01 (136s)
  [016] J=21.3861 (rho=0.83 v=0.95) |g|=5.7e+01 (144s)
  [017] J=21.2180 (rho=0.82 v=0.94) |g|=1.5e+01 (141s)
  [018] J=21.1776 (rho=0.82 v=0.94) |g|=5.1e+00 (134s)
  [019] J=21.1757 (rho=0.82 v=0.94) |g|=5.1e+00 (133s)
  [020] J=21.1747 (rho=0.82 v=0.94) |g|=6.3e-01 (138s)
  [021] J=21.1747 (rho=0.82 v=0.94) |g|=4.8e-01 (139s)
  [022] J=21.1746 (rho=0.82 v=0.94) |g|=5.7e-01 (143s)
  [023] J=21.1743 (rho=0.82 v=0.94) |g|=1.3e+00 (135s)
  [024] J=21.1735 (rho=0.82 v=0.94) |g|=2.7e+00 (142s)
  [025] J=21.1715 (rho=0.82 v=0.94) |g|=4.9e+00 (142s)
  [026] J=21.1665 (rho=0.83 v=0.94) |g|=8.3e+00 (142s)
  [027] J=21.1556 (rho=0.83 v=0.94) |g|=1.2e+01 (137s)
  [028] J=21.1363 (rho=0.83 v=0.94) |g|=1.5e+01 (134s)
  [029] J=21.1137 (rho=0.82 v=0.94) |g|=1.3e+01 (139s)
  [030] J=21.1010 (rho=0.82 v=0.94) |g|=5.5e+00 (133s)
  [031] J=21.0993 (rho=0.82 v=0.93) |g|=7.6e-01 (133s)
  [032] J=21.0991 (rho=0.82 v=0.93) |g|=5.0e-01 (133s)
  [033] J=21.0990 (rho=0.82 v=0.93) |g|=1.5e-01 (134s)
  [034] J=21.0990 (rho=0.82 v=0.93) |g|=1.5e-01 (129s)
  [035] J=21.0986 (rho=0.82 v=0.93) |g|=5.0e-01 (132s)
  [036] J=21.0979 (rho=0.82 v=0.93) |g|=7.4e-01 (133s)
  [037] J=21.0955 (rho=0.82 v=0.93) |g|=1.2e+00 (137s)
  [038] J=21.0937 (rho=0.82 v=0.93) |g|=8.9e-01 (137s)
  [039] J=21.0936 (rho=0.82 v=0.93) |g|=1.3e+00 (135s)
  [040] J=21.0931 (rho=0.82 v=0.93) |g|=7.4e-01 (134s)
  [041] J=21.0928 (rho=0.82 v=0.93) |g|=1.2e-01 (131s)
  [042] J=21.0928 (rho=0.82 v=0.93) |g|=2.0e-02 (134s)
  [043] J=21.0928 (rho=0.82 v=0.93) |g|=4.6e-02 (141s)
  [044] J=21.0928 (rho=0.82 v=0.93) |g|=5.6e-02 (137s)

STOP: TOTAL NO. OF ITERATIONS REACHED LIMIT  J=21.0928  -> /home/andrew/projects/firngrain/experiments/synthetic/results/vosse_vrho.json
  hl_k0         = 1.0724e+01
  hl_k1         = 5.7051e+02
  hl_Ea1        = 1.0490e+04
  hl_Ea2        = 2.2341e+04
  k_snow_scale  = 1.0024e+00
  k_firn_scale  = 9.9833e-01
  Q_base        = 1.4233e-02
  s2_shape      = 8.2029e-01
  ezz_yr        = -8.1463e-05

case vrho: J=21.09
  hl_k0        truth=11.5 rec=10.72 err=-0.776
  hl_k1        truth=540 rec=570.5 err=+30.5
  hl_Ea1       truth=1.06e+04 rec=1.049e+04 err=-110
  hl_Ea2       truth=2.24e+04 rec=2.234e+04 err=-59
  k_snow_scale truth=1.15 rec=1.002 err=-0.148
  k_firn_scale truth=1 rec=0.9983 err=-0.00167
  Q_base       truth=0.045 rec=0.01423 err=-0.0308
  s2_shape     truth=0.85 rec=0.8203 err=-0.0297
  ezz_yr       truth=-4e-05 rec=-8.146e-05 err=-4.15e-05
