/home/andrew/venv-firedrake-2026/lib/python3.10/site-packages/firedrake/petsc.py:96: UserWarning: No external package for parmetis, ptscotch, chaco found, defaulting to PETSc simple partitioner. This may not be optimal.
  warn(
tsfc:WARNING Estimated quadrature degree 14 more than tenfold greater than any argument/coefficient degree (max 1)
/home/andrew/venv-firedrake-2026/lib/python3.10/site-packages/pyadjoint/drivers.py:73: FutureWarning: compute_gradient is deprecated in favour of compute_derivative.
  warn("compute_gradient is deprecated in favour of compute_derivative.",
/home/andrew/venv-firedrake-2026/lib/python3.10/site-packages/pyadjoint/drivers.py:73: FutureWarning: compute_gradient is deprecated in favour of compute_derivative.
  warn("compute_gradient is deprecated in favour of compute_derivative.",
VELOCITY-OSSE case=nov (core-column truth ezz=-4.0e-05/yr, v sigma=0.012)

Optimize Syn[vosse_nov] (L-BFGS-B, 23 ctrls, max 40):
  [001] J=2598.1518 (rho=0.95 age=1.10 dage=1.21 Td=11.11 Tsh=4.56) |g|=4.2e+03 (163s)
  [002] J=70264.3743 (rho=8.48 age=12.85 dage=15.00 Td=52.72 Tsh=33.34) |g|=2.2e+04 (152s)
  [003] J=1640.2065 (rho=3.80 age=4.57 dage=5.04 Td=2.26 Tsh=1.15) |g|=5.8e+03 (155s)
  [004] J=444.8032 (rho=2.34 age=1.99 dage=2.63 Td=0.98 Tsh=1.22) |g|=1.1e+03 (169s)
  [005] J=279.7932 (rho=1.83 age=1.44 dage=1.96 Td=1.34 Tsh=1.30) |g|=1.2e+03 (169s)
  [006] J=7962.8354 (rho=8.57 age=10.16 dage=10.63 Td=6.00 Tsh=3.49) |g|=1.0e+04 (168s)
  [007] J=247.9917 (rho=1.67 age=1.31 dage=1.77 Td=1.52 Tsh=1.33) |g|=1.2e+03 (169s)
  [008] J=512.5259 (rho=2.24 age=1.98 dage=2.49 Td=2.46 Tsh=1.50) |g|=5.5e+03 (164s)
  [009] J=194.0331 (rho=1.33 age=1.13 dage=1.39 Td=1.75 Tsh=1.38) |g|=7.5e+02 (166s)
  [010] J=164.4110 (rho=1.26 age=1.12 dage=1.32 Td=1.43 Tsh=1.32) |g|=6.7e+02 (169s)
  [011] J=139.8453 (rho=1.27 age=1.11 dage=1.31 Td=0.91 Tsh=1.24) |g|=3.3e+02 (169s)
  [012] J=132.6015 (rho=1.21 age=1.11 dage=1.28 Td=0.90 Tsh=1.24) |g|=2.7e+02 (166s)
  [013] J=117.8070 (rho=0.92 age=1.15 dage=1.24 Td=0.90 Tsh=1.24) |g|=1.2e+02 (164s)
  [014] J=114.5070 (rho=0.95 age=1.12 dage=1.20 Td=0.90 Tsh=1.26) |g|=8.0e+01 (155s)
  [015] J=111.0468 (rho=0.94 age=1.11 dage=1.16 Td=0.92 Tsh=1.31) |g|=1.1e+02 (167s)
  [016] J=106.9409 (rho=0.91 age=1.09 dage=1.12 Td=0.94 Tsh=1.42) |g|=8.0e+01 (162s)
  [017] J=104.4881 (rho=0.88 age=1.09 dage=1.11 Td=0.94 Tsh=1.47) |g|=3.0e+01 (161s)
  [018] J=103.6700 (rho=0.86 age=1.08 dage=1.11 Td=0.93 Tsh=1.46) |g|=3.4e+01 (158s)
  [019] J=102.6101 (rho=0.85 age=1.08 dage=1.11 Td=0.93 Tsh=1.41) |g|=5.8e+01 (172s)
  [020] J=100.8163 (rho=0.84 age=1.08 dage=1.10 Td=0.92 Tsh=1.31) |g|=7.7e+01 (161s)
  [021] J=103.9571 (rho=0.86 age=1.08 dage=1.13 Td=0.93 Tsh=1.23) |g|=5.7e+02 (163s)
  [022] J=100.4339 (rho=0.84 age=1.08 dage=1.10 Td=0.92 Tsh=1.28) |g|=1.7e+02 (162s)
  [023] J=98.8973 (rho=0.84 age=1.07 dage=1.09 Td=0.90 Tsh=1.22) |g|=7.3e+01 (163s)
  [024] J=98.4312 (rho=0.85 age=1.07 dage=1.09 Td=0.90 Tsh=1.21) |g|=1.7e+01 (154s)
  [025] J=98.3401 (rho=0.85 age=1.07 dage=1.09 Td=0.90 Tsh=1.21) |g|=1.7e+01 (157s)
  [026] J=98.2202 (rho=0.85 age=1.07 dage=1.08 Td=0.90 Tsh=1.21) |g|=2.4e+01 (157s)
  [027] J=97.7961 (rho=0.84 age=1.07 dage=1.08 Td=0.90 Tsh=1.21) |g|=4.0e+01 (155s)
  [028] J=97.1514 (rho=0.84 age=1.07 dage=1.07 Td=0.90 Tsh=1.21) |g|=4.7e+01 (156s)
  [029] J=98.1276 (rho=0.85 age=1.08 dage=1.08 Td=0.91 Tsh=1.20) |g|=1.3e+02 (147s)
  [030] J=96.9477 (rho=0.84 age=1.07 dage=1.07 Td=0.91 Tsh=1.21) |g|=4.6e+01 (155s)
  [031] J=96.4588 (rho=0.84 age=1.07 dage=1.07 Td=0.90 Tsh=1.21) |g|=2.0e+01 (154s)
  [032] J=96.3188 (rho=0.84 age=1.07 dage=1.07 Td=0.90 Tsh=1.21) |g|=9.3e+00 (158s)
  [033] J=96.2625 (rho=0.84 age=1.07 dage=1.07 Td=0.90 Tsh=1.21) |g|=1.2e+01 (160s)
  [034] J=96.2091 (rho=0.84 age=1.06 dage=1.07 Td=0.90 Tsh=1.20) |g|=2.5e+01 (157s)
  [035] J=96.1995 (rho=0.84 age=1.06 dage=1.07 Td=0.90 Tsh=1.20) |g|=6.6e+01 (158s)
  [036] J=96.1518 (rho=0.84 age=1.06 dage=1.07 Td=0.90 Tsh=1.20) |g|=2.7e+01 (158s)
  [037] J=96.0771 (rho=0.84 age=1.06 dage=1.07 Td=0.90 Tsh=1.20) |g|=9.3e+00 (165s)
  [038] J=96.0096 (rho=0.84 age=1.06 dage=1.07 Td=0.90 Tsh=1.19) |g|=1.2e+01 (161s)
  [039] J=95.9495 (rho=0.84 age=1.06 dage=1.07 Td=0.90 Tsh=1.19) |g|=1.7e+01 (164s)
  [040] J=95.8086 (rho=0.84 age=1.07 dage=1.06 Td=0.90 Tsh=1.18) |g|=1.6e+01 (160s)
  [041] J=95.7334 (rho=0.84 age=1.07 dage=1.06 Td=0.90 Tsh=1.18) |g|=2.6e+01 (156s)
  [042] J=95.6669 (rho=0.84 age=1.07 dage=1.06 Td=0.90 Tsh=1.18) |g|=6.9e+00 (157s)
  [043] J=95.6382 (rho=0.84 age=1.07 dage=1.06 Td=0.90 Tsh=1.18) |g|=8.8e+00 (164s)
  [044] J=95.6072 (rho=0.84 age=1.07 dage=1.06 Td=0.90 Tsh=1.18) |g|=1.3e+01 (158s)
  [045] J=95.5692 (rho=0.84 age=1.07 dage=1.06 Td=0.90 Tsh=1.18) |g|=1.4e+01 (163s)
  [046] J=95.5311 (rho=0.84 age=1.07 dage=1.06 Td=0.90 Tsh=1.17) |g|=2.5e+01 (163s)
  [047] J=95.4883 (rho=0.84 age=1.07 dage=1.06 Td=0.90 Tsh=1.17) |g|=2.2e+01 (167s)

STOP: TOTAL NO. OF ITERATIONS REACHED LIMIT  J=95.4883  -> /home/andrew/projects/firngrain/experiments/synthetic/results/vosse_nov.json
  hl_k0         = 9.3980e+00
  hl_k1         = 4.7990e+02
  hl_Ea1        = 1.0378e+04
  hl_Ea2        = 2.1942e+04
  k_snow_scale  = 9.4178e-01
  k_firn_scale  = 1.0054e+00
  Q_base        = 4.4110e-02
  s2_shape      = 9.9452e-01
  ezz_yr        = 8.1487e-06

case nov: J=95.49
  hl_k0        truth=11.5 rec=9.398 err=-2.1
  hl_k1        truth=540 rec=479.9 err=-60.1
  hl_Ea1       truth=1.06e+04 rec=1.038e+04 err=-222
  hl_Ea2       truth=2.24e+04 rec=2.194e+04 err=-458
  k_snow_scale truth=1.15 rec=0.9418 err=-0.208
  k_firn_scale truth=1 rec=1.005 err=+0.00545
  Q_base       truth=0.045 rec=0.04411 err=-0.00089
  s2_shape     truth=0.85 rec=0.9945 err=+0.145
  ezz_yr       truth=-4e-05 rec=8.149e-06 err=+4.81e-05
